// Jest Snapshot v1, https://goo.gl/fbAQLP

exports[`ToDoList Component renders correctly 1`] = `
<DocumentFragment>
  <div
    class="todo-tasks-container"
  >
    <div
      role="list"
    >
      text
    </div>
    <div
      role="list"
    >
      text2
    </div>
  </div>
</DocumentFragment>
`;
