// Jest Snapshot v1, https://goo.gl/fbAQLP

exports[`ToDoList Component renders correctly 1`] = `
<DocumentFragment>
  <div
    class="todo-task-item"
  >
    <input
      id="id"
      type="checkbox"
    />
    <label
      for="id"
    >
      <span
        class="checkbox"
      />
      text
    </label>
  </div>
</DocumentFragment>
`;
